../Core/Src/Snake_Game.c:73:6:Snake_Game_voidRun	16	static
../Core/Src/Snake_Game.c:110:13:GUI_voidDrawSnakeSegment	40	static
../Core/Src/Snake_Game.c:126:13:GUI_voidDrawFood	40	static
../Core/Src/Snake_Game.c:140:13:GUI_voidEraseCell	32	static
../Core/Src/Snake_Game.c:146:13:GUI_voidUpdateScore	32	static
../Core/Src/Snake_Game.c:153:13:GUI_voidDrawInitialState	24	static
../Core/Src/Snake_Game.c:162:13:GUI_voidUpdateScreen	24	static
../Core/Src/Snake_Game.c:177:13:GUI_voidShowGameOver	56	static
../Core/Src/Snake_Game.c:188:11:debounce	16	static
../Core/Src/Snake_Game.c:199:13:GUI_voidDrawString	48	static
../Core/Src/Snake_Game.c:224:13:Sound_voidInit	8	static
../Core/Src/Snake_Game.c:235:13:Sound_voidBeep	32	static
../Core/Src/Snake_Game.c:262:13:Sound_voidPlayClick	8	static
../Core/Src/Snake_Game.c:269:13:Sound_voidPlayWin	8	static
../Core/Src/Snake_Game.c:278:13:Sound_voidPlayGameOver	8	static
